


ARM Macro Assembler    Page 1 


    1 00000000                 AREA             ARMex, CODE, READONLY
    2 00000000                 ENTRY
    3 00000000         start
    4 00000000 E3A00001        MOV              r0,#1       ;insert each value 
                                                            into each register
    5 00000004 E3E01000        MOV              r1,#-1
    6 00000008 E3A02008        MOV              r2,#8
    7 0000000C         
    8 0000000C         
    9 0000000C E3500000        CMP              r0,#0       ;compare(r0-0)
   10 00000010 51A03000        MOVPL            r3, r0      ;if r0 > 0 mov r0 i
                                                            nto r3
   11 00000014         
   12 00000014 E3510000        CMP              r1,#0
   13 00000018 40833001        ADDMI            r3,r3,r1    ;if r1 > 0 mov add 
                                                            r1 into r3
   14 0000001C         
   15 0000001C         
   16 0000001C E3520007        CMP              r2,#7       ;r2 - r4(8-7) 
   17 00000020 D0833002        ADDLE            r3,r3,r2    ;if r2<=7, add r2 i
                                                            nto r3
   18 00000024         
   19 00000024 E3130000        TST              r3, #0      ;compare(r3 and 0)
   20 00000028 01A03000        MOVEQ            r3,r0       ;    ;if r3==0, mov
                                                             r0 into r3
   21 0000002C         
   22 0000002C E1A0F00E        mov              pc,lr
   23 00000030                 END
Command Line: --debug --xref --diag_suppress=9931 --cpu=ARM9E --apcs=interwork 
--depend=.\objects\exercise2.d -o.\objects\exercise2.o -IC:\Keil_v5\ARM\RV31\IN
C -IC:\Keil_v5\ARM\CMSIS\Include --predefine="__EVAL SETA 1" --predefine="__UVI
SION_VERSION SETA 521" --list=.\listings\exercise2.lst exercise2.s



ARM Macro Assembler    Page 1 Alphabetic symbol ordering
Relocatable symbols

ARMex 00000000

Symbol: ARMex
   Definitions
      At line 1 in file exercise2.s
   Uses
      None
Comment: ARMex unused
start 00000000

Symbol: start
   Definitions
      At line 3 in file exercise2.s
   Uses
      None
Comment: start unused
2 symbols
334 symbols in table
